// Jest Snapshot v1, https://goo.gl/fbAQLP

exports[`AppsPage Should match existing snapshot when given no visualizations. 1`] = `
<List
  divided={true}
/>
`;

exports[`AppsPage Should match existing snapshot when given sample visualizations. 1`] = `
<List
  divided={true}
>
  <ListItem
    key="viz-page-li-0"
  >
    <Grid
      centered={true}
      columns={3}
      padded={true}
      relaxed={true}
    >
      <GridColumn>
        <img
          alt="icon for "
          src="undefinedundefined"
          style={
            Object {
              "height": "100px",
            }
          }
        />
      </GridColumn>
      <GridColumn
        textAlign="left"
      >
        <Header
          as="h2"
        />
        <List>
          <ListItem>
            original: Franz Ferdinand
          </ListItem>
          <ListItem />
          <ListItem>
            relevant data: 
          </ListItem>
        </List>
      </GridColumn>
      <GridColumn
        stretched={true}
      >
        <GridRow>
          <Button
            as="button"
            basic={true}
          >
            <Link
              replace={false}
              to={
                Object {
                  "pathname": "/visualizations/",
                  "search": "?id=bbfacade-0000-0000-0001-a1234567890b",
                }
              }
            >
              details
            </Link>
          </Button>
        </GridRow>
        <GridRow>
          <Button
            as="button"
            basic={true}
          >
            <Link
              replace={false}
              to={
                Object {
                  "pathname": "/dataset",
                  "search": "?id=bbdeeded-0000-0000-0001-a1234567890b&viz=bbfacade-0000-0000-0001-a1234567890b",
                }
              }
            >
              launch
            </Link>
          </Button>
        </GridRow>
      </GridColumn>
    </Grid>
  </ListItem>
  <ListItem
    key="viz-page-li-1"
  >
    <Grid
      centered={true}
      columns={3}
      padded={true}
      relaxed={true}
    >
      <GridColumn>
        <img
          alt="icon for "
          src="undefinedundefined"
          style={
            Object {
              "height": "100px",
            }
          }
        />
      </GridColumn>
      <GridColumn
        textAlign="left"
      >
        <Header
          as="h2"
        />
        <List>
          <ListItem>
            original: Eminem
          </ListItem>
          <ListItem />
          <ListItem>
            relevant data: 
          </ListItem>
        </List>
      </GridColumn>
      <GridColumn
        stretched={true}
      >
        <GridRow>
          <Button
            as="button"
            basic={true}
          >
            <Link
              replace={false}
              to={
                Object {
                  "pathname": "/visualizations/",
                  "search": "?id=bbfacade-0000-0000-0002-a1234567890b",
                }
              }
            >
              details
            </Link>
          </Button>
        </GridRow>
        <GridRow>
          <Button
            as="button"
            basic={true}
          >
            <Link
              replace={false}
              to={
                Object {
                  "pathname": "/dataset",
                  "search": "?id=bbdeeded-0000-0000-0002-a1234567890b&viz=bbfacade-0000-0000-0002-a1234567890b",
                }
              }
            >
              launch
            </Link>
          </Button>
        </GridRow>
      </GridColumn>
    </Grid>
  </ListItem>
</List>
`;
